border_size=1
usage=map

Ms          , Ms          , Ms          , Ms          , Ms          , Ms          , Ms          , Ms          , Aa^Fpa      , Gs^Fp       , Gs^Fp       , Gg          , Gg          , Gg          , Gg          , Gg          , Gg          , Gg          , Gg          , Gg          , Gg          , Gg          , Aa          , Ms          , Ms          , Ms          , Aa          , Gg          , Gg          , Gg          , Re          , Re          , Aa          , Ms          , Ha          , Ms          , Ha          , Ha          , Ha          , Ha          , Aa          , Gg          
Ms          , Ms          , Ms          , Ms          , Ms          , Ms          , Ms          , Ms          , Aa^Fpa      , Gs^Fp       , Gs^Fp       , Gg          , Gg          , Gg          , Gg          , Gg          , Gg          , Gg          , Gg          , Gg          , Gg          , Gg          , Aa          , Ms          , Ms          , Ms          , Aa          , Gg          , Gg          , Gg          , Gg          , Gg          , Aa          , Ms          , Hh^Vhh      , Ms          , Ha          , Ha          , Ha          , Ha          , Aa          , Gg          
Ms          , Ms          , Ms          , Ms          , Ha          , Ha          , Ha          , Ha          , Ha          , Aa^Fpa      , Gs^Fp       , Gg          , Gg          , Gg          , Gs^Fdw      , Gg          , Gg          , Gg          , Re          , Gg          , Gg          , Gg          , Gg          , Aa^Fma      , Aa^Fma      , Aa^Fda      , Aa          , Gg          , Gg          , Gg          , Gg          , Gg          , Aa^Fma      , Ha          , Ha          , Ha          , Ha          , Ha          , Aa^Fpa      , Aa          , Ww          , Ww          
Ha          , Ha          , Ha          , Ha          , Ha          , Ha          , Ha          , Ha          , Aa^Fpa      , Aa^Fpa      , Gg          , Gg          , Gg          , Gs^Fdw      , Gs^Fdw      , Gs^Fdw      , Gs^Fmw      , Gs^Fmw      , Gs^Fmw      , Rd          , Gs^Fmw      , Gg          , Gs^Fdw      , Gg          , Gg          , Aa          , Ha          , Aa          , Gg          , Gg          , Gg          , Gs^Fp       , Gs^Fmw      , Aa^Fda      , Aa^Fda      , Aa^Fda      , Aa^Fma      , Aa^Fma      , Gg          , Ww          , Ww          , Ww          
Ha          , Ha          , Ha          , Ha          , Aa          , Aa^Fpa      , Aa^Fpa      , Aa^Fpa      , Gs^Fp       , Gs^Fp       , Gg          , Gg          , Gg          , Gs^Fdw      , Gs^Fdw      , Gs^Fdw      , Gs^Fmw      , Gs^Fdw      , Gs^Fdw      , Gs^Fdw      , Gs^Fdw      , Gs^Fmw      , Gs^Fdw      , Gs^Fmw      , Gg          , Aa          , Ha          , Aa^Fpa      , Gg          , Gg          , Gg          , Gs^Fp       , Gs^Fmw      , Gs^Fdw      , Gg          , Gs^Fdw      , Gg          , Gg          , Ww          , Ww          , Ww          , Ww          
Ha          , Ha          , Ai          , Aa          , Ww          , Gg          , Ww          , Gg          , Ww          , Gg          , Ww          , Gg          , Gg          , Gg          , Ww          , Gs^Fmw      , Gs^Fmw      , Gs^Fmw      , Gg          , Gs^Fdw      , Gg          , Gs^Fmw      , Gs^Fmw      , Gs^Fmw      , Gg          , Aa^Fma      , Aa^Fma      , Aa^Fpa      , Gg          , Gg          , Gg          , Gg          , Gg          , Gg          , Gg          , Rd          , Ww          , Ww          , Ww          , Ww          , Ww          , Ww          
Ai          , Ai          , Wo          , Ww          , Wo          , Ww          , Wo          , Ww          , Wo          , Ww          , Wo          , Ww          , Ww          , Ww          , Ww          , Ww          , Ww          , Ww          , Ww          , Ww          , Ww          , Gg          , Gg          , Gg          , Gg          , Gg          , Ww          , Gg          , Ww          , Gg          , Gs^Fdw      , Gg          , Gg          , Gs^Fdw      , Wwf         , Ww          , Ww          , Ww          , Ww          , Ww          , Ww          , Ww          
Wo          , Wo          , Wo          , Wo          , Wo          , Wo          , Wo          , Wo          , Wo          , Wo          , Wo          , Wo          , Wo          , Wo          , Wo          , Wo          , Wo          , Ww          , Wo          , Wo          , Wo          , Ww          , Ww          , Ww          , Ww          , Ww          , Wo          , Ww          , Wo          , Ww          , Ww          , Ww          , Wwf         , Ww          , Wwf         , Wwf         , Ww          , Ww          , Ww          , Ww          , Ww          , Ww          
Wo          , Wo          , Ai          , Wo          , Ww          , Wo          , Ww          , Wo          , Ww          , Wo          , Ww          , Wo          , Wo          , Wo          , Wo          , Wo          , Wo          , Wo          , Gs^Fmw      , Gs^Fmw      , Gs^Fmw      , Wo          , Wo          , Wo          , Wo          , Wo          , Wo          , Wo          , Wo          , Wo          , Wo          , Ww          , Ww          , Wwf         , Ww          , Wwf         , Ww          , Ww          , Ww          , Ww          , Ww          , Ww          
Ai          , Ai          , Ha          , Ai          , Gg          , Ww          , Gs^Fmw      , Ww          , Gs^Fmw      , Ww          , Ww          , Ww          , Ww          , Ww          , Ww          , Ww          , Ww          , Wo          , Wo          , Gs^Fmw      , Wo          , Gg          , Wo          , Wo          , Wo          , Wo          , Ww          , Wo          , Ww          , Ww          , Ww          , Ww          , Ww          , Wwf         , Wwf         , Wwf         , Ww          , Ww          , Ww          , Ww          , Ww          , Ww          
Ha          , Ha          , Ha          , Aa          , Gs          , Gg          , Gs          , Gs^Fmw      , Gs          , Gs^Fdw      , Gs^Fmw      , Gs^Fmw      , Gs^Fmw      , Gg          , Gg          , Gg          , Gg          , Ww          , Ww          , Ww          , Ww          , Ww          , Ww          , Ww          , Ww          , Ww          , Ww          , Ww          , Ww          , Ww          , Ww          , Ww          , Wwf         , Wwf         , Wwf         , Wwf         , Wwf         , Ww          , Ww          , Ww          , Ww          , Ww          
Ha          , Ha          , Aa^Fda      , Aa          , Re          , Gs          , Re          , Gs          , Re          , Gs^Fdw      , Gs^Fdw      , Gs^Fdw      , Gs^Fdw      , Re^Gvs      , Re^Gvs      , Re^Gvs      , Re^Gvs      , Gg          , Gg          , Gg          , Gg          , Gg          , Gg          , Gg^Vh       , Gg          , Gg          , Gg          , Ww          , Gg          , Ww          , Ce          , Ww          , Gg          , Ww          , Wwf         , Wwf         , Ww          , Ww          , Gg          , Gg          , Gg          , Gg          
Aa          , Aa          , Re          , Gs          , Re          , Re          , Rd          , Re          , Re          , Re          , Gs          , Gs^Fdw      , Gg          , Re^Gvs      , Re^Gvs      , Re^Gvs      , Gs^Fdw      , Gs^Fdw      , Gs^Fdw      , Re^Gvs      , Re^Gvs      , Re^Gvs      , Gg          , Re^Gvs      , Gg^Vh       , Re^Gvs      , Gg          , Gg          , Ce          , Ce          , Ce          , Ce          , Re          , Gg          , Gg          , Ww          , Gg          , Gg          , Gs^Fdw      , Re          , Re          , Gg          
Gs          , Re          , Rd          , Re          , Re          , Re          , Re          , Rd          , Re          , Re          , Re          , Re          , Gs          , Gg          , Gg          , Re^Gvs      , Gs^Fdw      , Gs^Fdw      , Gs^Fdw      , Re^Gvs      , Gg          , Gg          , Re          , Gg          , Re          , Gg          , Re          , Ce          , Re          , Ce          , Ce          , Ce          , Ce          , Ce          , Gg          , Gg          , Re          , Gs^Fdw      , Rd          , Gs^Fdw      , Re          , Re          
Gs          , Re          , Re          , Re          , Gs^Fmw      , Re          , Rd          , Re          , Re          , Rd          , Rd          , Re          , Re          , Gs          , Gg          , Gg          , Gg          , Gs^Fdw      , Re          , Gg          , Re          , Re          , Gs^Fdw      , Re          , Gg          , Re          , Gg          , Re          , Gg          , Ce          , Ce          , Ce          , Gg          , Gg          , Gg          , Re          , Re          , Rd          , Rd          , Rd          , Re          , Re          
Gg          , Ss          , Ww          , Gs^Fmw      , Ss          , Gs^Fmw      , Re          , Re          , Re          , Re          , Re          , Rd          , Re          , Gs          , Re          , Re          , Re          , Re          , Gg          , Re          , Gg          , Gs^Fdw      , Gs^Fdw      , Gs^Fdw      , Gg          , Re          , Gg          , Gg          , Re^Gvs      , Re^Gvs      , Gs^Fdw      , Gs^Fdw      , Gs^Fdw      , Gs^Fdw      , Gs^Fdw      , Gs^Fmw      , Gs^Fdw      , Rd          , Rd          , Rd          , Re          , Re          
Gg          , Ss          , Ss          , Ww          , Re          , Re          , Re          , Gs          , Re          , Rd          , Re          , Re          , Re          , Re          , Gs          , Gg          , Gg          , Gg          , Gg          , Gg          , Gg          , Gs^Fdw      , Gs^Fdw      , Gs^Fdw      , Gg          , Re          , Gg          , Re^Gvs      , Re^Gvs      , Gs^Fdw      , Gg          , Gs^Fdw      , Gs^Fdw      , Gs^Fdw      , Gs^Fmw      , Gg^Vh       , Gs^Fmw      , Re          , Gs^Fmw      , Re          , Re          , Gg          
Gg          , Gs          , Gs          , Ss          , Re          , Rd          , Rd          , Re          , Re          , Re          , Re          , Re          , Rd          , Re          , Gs^Fdw      , Gs^Fdw      , Gs^Fdw      , Gs^Fdw      , Gg          , Gg          , Gg          , Gg          , Gg          , Gg          , Re          , Re          , Gs^Fdw      , Re^Gvs      , Gs^Fdw      , Gs^Fdw      , Gs^Fdw      , Gs^Fdw      , Gs^Fdw      , Gs^Fdw      , Gs^Fdw      , Gs^Fdw      , Gg          , Gs^Fmw      , Gs^Fdw      , Gs^Fdw      , Gg          , Gg          
Gg          , Gs          , Gs          , Re          , Re          , Rd          , Rd          , Re          , Gs^Fdw      , Re          , Rd          , Re          , Rd          , Re          , Gs^Fdw      , Gs^Fdw      , Gs^Fdw      , Gg          , Gs^Fdw      , Gg          , Gg          , Gg          , Gs^Fdw      , Gg          , Re          , Gs^Fdw      , Gs^Fdw      , Gs^Fdw      , Aa^Fda      , Gs^Fdw      , Gs^Fdw      , Gs^Fdw      , Gs^Fdw      , Gs^Fmw      , Gg          , Gg          , Gg          , Gs^Fdw      , Gs^Fmw      , Gs^Fdw      , Gg          , Gg          
Gg          , Gg          , Gs          , Re          , Re          , Re          , Re          , Re          , Gs          , Re          , Re          , Re          , Rd          , Re          , Gs          , Gs^Fdw      , Gg          , Gg          , Gs^Fdw      , Gg          , Gg          , Gs^Fdw      , Gs^Fmw      , Gs^Fmw      , Re          , Gs^Fdw      , Aa^Fda      , Aa^Fda      , Ha          , Aa^Fda      , Aa          , Aa^Fda      , Aa^Fda      , Gs^Fdw      , Gs^Fdw      , Gs^Fdw      , Gs^Fmw      , Gg          , Gg          , Gg          , Gg          , Gg          
Gg          , Gg          , Gg          , Gs          , Gs^Fdw      , Gs          , Gs^Fdw      , Gs          , Gs^Fdw      , Gs          , Re          , Re          , Re          , Gs^Fdw      , Gg          , Gg          , Gg          , Gg          , Gg          , Gg          , Gg          , Gs^Fdw      , Gs^Fmw      , Gs^Fdw      , Re          , Aa          , Ha          , Ha          , Ha          , Ha          , Ha          , Ha          , Ha          , Aa^Fda      , Gs^Fmw      , Gs^Fdw      , Gs^Fmw      , Gg          , Gg          , Gg          , Gg          , Gg          
Gg          , Gg          , Gg          , Gg          , Gs^Fdw      , Gs^Fdw      , Gs^Fdw      , Gs^Fdw      , Gs^Fdw      , Gs^Fdw      , Gs^Fdw      , Re          , Gs          , Gs^Fdw      , Gg          , Gg          , Gg          , Gg          , Gg          , Gg          , Gs^Fdw      , Gs^Fdw      , Gs^Fdw      , Gs^Fmw      , Re          , Aa          , Ha          , Ha          , Ha          , Ha          , Ha          , Ha          , Ha          , Aa^Fda      , Gs^Fdw      , Gs^Fmw      , Gs^Fmw      , Gg          , Gg          , Gg          , Gg          , Gg          
